MPLINK 4.49, Linker
Linker Map File - Created Wed Jul 15 19:42:06 2020

                                 Section Info
                  Section       Type    Address   Location Size(Bytes)
                ---------  ---------  ---------  ---------  ---------
                   .org_0       code   0x000000    program   0x00003e



                              Program Memory Usage 
                               Start         End      
                           ---------   ---------      
                            0x000000    0x00001e      
            31 out of 4359 program addresses used, program memory utilization is 0%



                              Symbols - Sorted by Name
                     Name    Address   Location    Storage File                     
                ---------  ---------  ---------  --------- ---------                
                       L1   0x000013    program     static C:\DESARROLLO\CursoPic\Ejemplo1\Ver1\prb1.asm
                       L2   0x000014    program     static C:\DESARROLLO\CursoPic\Ejemplo1\Ver1\prb1.asm
                       L3   0x000015    program     static C:\DESARROLLO\CursoPic\Ejemplo1\Ver1\prb1.asm
                     Loop   0x000010    program     static C:\DESARROLLO\CursoPic\Ejemplo1\Ver1\prb1.asm
                    Start   0x000000    program     static C:\DESARROLLO\CursoPic\Ejemplo1\Ver1\prb1.asm



                              Symbols - Sorted by Address
                     Name    Address   Location    Storage File                     
                ---------  ---------  ---------  --------- ---------                
                    Start   0x000000    program     static C:\DESARROLLO\CursoPic\Ejemplo1\Ver1\prb1.asm
                     Loop   0x000010    program     static C:\DESARROLLO\CursoPic\Ejemplo1\Ver1\prb1.asm
                       L1   0x000013    program     static C:\DESARROLLO\CursoPic\Ejemplo1\Ver1\prb1.asm
                       L2   0x000014    program     static C:\DESARROLLO\CursoPic\Ejemplo1\Ver1\prb1.asm
                       L3   0x000015    program     static C:\DESARROLLO\CursoPic\Ejemplo1\Ver1\prb1.asm


